src/controllers/analytics.controller.ts(9,15): error TS2554: Expected 2-3 arguments, but got 1.
src/controllers/analytics.controller.ts(15,19): error TS2554: Expected 2-3 arguments, but got 1.
src/controllers/campaign.controller.ts(14,15): error TS2554: Expected 2-3 arguments, but got 1.
